#
# There is insufficient memory for the Java Runtime Environment to continue.
# Native memory allocation (mmap) failed to map 335544320 bytes. Error detail: G1 virtual space
# Possible reasons:
#   The system is out of physical RAM or swap space
#   This process is running with CompressedOops enabled, and the Java Heap may be blocking the growth of the native heap
# Possible solutions:
#   Reduce memory load on the system
#   Increase physical memory or swap space
#   Check if swap backing store is full
#   Decrease Java heap size (-Xmx/-Xms)
#   Decrease number of Java threads
#   Decrease Java thread stack sizes (-Xss)
#   Set larger code cache with -XX:ReservedCodeCacheSize=
#   JVM is running with Zero Based Compressed Oops mode in which the Java heap is
#     placed in the first 32GB address space. The Java Heap base address is the
#     maximum limit for the native heap growth. Please use -XX:HeapBaseMinAddress
#     to set the Java Heap base and to place the Java Heap above 32GB virtual address.
# This output file may be truncated or incomplete.
#
#  Out of Memory Error (os_windows.cpp:3925), pid=12372, tid=23052
#
# JRE version:  (21.0.8) (build )
# Java VM: OpenJDK 64-Bit Server VM (21.0.8+-14196175-b1038.72, mixed mode, sharing, tiered, compressed oops, compressed class ptrs, g1 gc, windows-amd64)
# No core dump will be written. Minidumps are not enabled by default on client versions of Windows
#

---------------  S U M M A R Y ------------

Command Line: 

Host: Intel(R) Core(TM) i5-1035G1 CPU @ 1.00GHz, 8 cores, 19G,  Windows 11 , 64 bit Build 26100 (10.0.26100.6725)
Time: Tue Dec  2 00:16:07 2025 SE Asia Standard Time elapsed time: 1.090479 seconds (0d 0h 0m 1s)

---------------  T H R E A D  ---------------

Current thread (0x00000121b89498c0):  JavaThread "Unknown thread" [_thread_in_vm, id=23052, stack(0x000000050b300000,0x000000050b400000) (1024K)]

Stack: [0x000000050b300000,0x000000050b400000]
Native frames: (J=compiled Java code, j=interpreted, Vv=VM code, C=native code)
V  [jvm.dll+0x6d68d9]
V  [jvm.dll+0x866693]
V  [jvm.dll+0x868c4e]
V  [jvm.dll+0x869333]
V  [jvm.dll+0x280566]
V  [jvm.dll+0x6d3195]
V  [jvm.dll+0x6c69ea]
V  [jvm.dll+0x3586db]
V  [jvm.dll+0x360336]
V  [jvm.dll+0x3b23f6]
V  [jvm.dll+0x3b26c8]
V  [jvm.dll+0x32ae6c]
V  [jvm.dll+0x32bb5b]
V  [jvm.dll+0x82e109]
V  [jvm.dll+0x3bf5c8]
V  [jvm.dll+0x817388]
V  [jvm.dll+0x453b6e]
V  [jvm.dll+0x4552d1]
C  [jli.dll+0x52ab]
C  [ucrtbase.dll+0x37b0]
C  [KERNEL32.DLL+0x2e8d7]
C  [ntdll.dll+0x8c53c]


---------------  P R O C E S S  ---------------

Threads class SMR info:
_java_thread_list=0x00007ff8c82ab988, length=0, elements={
}

Java Threads: ( => current thread )
Total: 0

Other Threads:
  0x00000121b89ba2b0 WorkerThread "GC Thread#0"                     [id=10440, stack(0x000000050b400000,0x000000050b500000) (1024K)]
  0x00000121b89e3bb0 ConcurrentGCThread "G1 Main Marker"            [id=10124, stack(0x000000050b500000,0x000000050b600000) (1024K)]
  0x00000121b89e5d00 WorkerThread "G1 Conc#0"                       [id=18652, stack(0x000000050b600000,0x000000050b700000) (1024K)]

[error occurred during error reporting (printing all threads), id 0xc0000005, EXCEPTION_ACCESS_VIOLATION (0xc0000005) at pc=0x00007ff8c7a9ddd7]
VM state: not at safepoint (not fully initialized)

VM Mutex/Monitor currently owned by a thread:  ([mutex/lock_event])
[0x00007ff8c83186b8] Heap_lock - owner thread: 0x00000121b89498c0

Heap address: 0x00000006c3000000, size: 5072 MB, Compressed Oops mode: Zero based, Oop shift amount: 3

CDS archive(s) mapped at: [0x0000000000000000-0x0000000000000000-0x0000000000000000), size 0, SharedBaseAddress: 0x0000000800000000, ArchiveRelocationMode: 1.
Narrow klass base: 0x0000000000000000, Narrow klass shift: 0, Narrow klass range: 0x0

GC Precious Log:
 CardTable entry size: 512
 Card Set container configuration: InlinePtr #cards 4 size 8 Array Of Cards #cards 32 size 80 Howl #buckets 8 coarsen threshold 7372 Howl Bitmap #cards 1024 size 144 coarsen threshold 921 Card regions per heap region 1 cards per card region 8192

Heap:
 garbage-first heap   total 0K, used 0K [0x00000006c3000000, 0x0000000800000000)
  region size 4096K, 0 young (0K), 0 survivors (0K)
 Metaspace       used 0K, committed 0K, reserved 0K
  class space    used 0K, committed 0K, reserved 0K

Heap Regions: E=young(eden), S=young(survivor), O=old, HS=humongous(starts), HC=humongous(continues), CS=collection set, F=free, TAMS=top-at-mark-start, PB=parsable bottom

Card table byte_map: [0x00000121cb7c0000,0x00000121cc1b0000] _byte_map_base: 0x00000121c81a8000

Marking Bits: (CMBitMap*) 0x00000121b89ba9b0
 Bits: [0x00000121cc1b0000, 0x00000121d10f0000)

GC Heap History (0 events):
No events

Dll operation events (1 events):
Event: 0.013 Loaded shared library C:\Program Files\Android\Android Studio\jbr\bin\java.dll

Deoptimization events (0 events):
No events

Classes loaded (0 events):
No events

Classes unloaded (0 events):
No events

Classes redefined (0 events):
No events

Internal exceptions (0 events):
No events

ZGC Phase Switch (0 events):
No events

VM Operations (0 events):
No events

Memory protections (0 events):
No events

Nmethod flushes (0 events):
No events

Events (0 events):
No events


Dynamic libraries:
0x00007ff76baa0000 - 0x00007ff76baaa000 	C:\Program Files\Android\Android Studio\jbr\bin\java.EXE
0x00007ff92f2e0000 - 0x00007ff92f548000 	C:\WINDOWS\SYSTEM32\ntdll.dll
0x00007ff92df40000 - 0x00007ff92e009000 	C:\WINDOWS\System32\KERNEL32.DLL
0x00007ff92caa0000 - 0x00007ff92ce92000 	C:\WINDOWS\System32\KERNELBASE.dll
0x00007ff92cea0000 - 0x00007ff92cfeb000 	C:\WINDOWS\System32\ucrtbase.dll
0x00007ff8d3810000 - 0x00007ff8d382b000 	C:\Program Files\Android\Android Studio\jbr\bin\VCRUNTIME140.dll
0x00007ff9211f0000 - 0x00007ff921208000 	C:\Program Files\Android\Android Studio\jbr\bin\jli.dll
0x00007ff92d3c0000 - 0x00007ff92d585000 	C:\WINDOWS\System32\USER32.dll
0x00007ff917c10000 - 0x00007ff917ea3000 	C:\WINDOWS\WinSxS\amd64_microsoft.windows.common-controls_6595b64144ccf1df_6.0.26100.6899_none_3e0efeeae32e88c1\COMCTL32.dll
0x00007ff92c690000 - 0x00007ff92c6b7000 	C:\WINDOWS\System32\win32u.dll
0x00007ff92d860000 - 0x00007ff92d88b000 	C:\WINDOWS\System32\GDI32.dll
0x00007ff92d640000 - 0x00007ff92d6e9000 	C:\WINDOWS\System32\msvcrt.dll
0x00007ff92c830000 - 0x00007ff92c95d000 	C:\WINDOWS\System32\gdi32full.dll
0x00007ff92c960000 - 0x00007ff92ca03000 	C:\WINDOWS\System32\msvcp_win.dll
0x00007ff92d6f0000 - 0x00007ff92d71f000 	C:\WINDOWS\System32\IMM32.DLL
0x00007ff9265d0000 - 0x00007ff9265dc000 	C:\Program Files\Android\Android Studio\jbr\bin\vcruntime140_1.dll
0x00007ff906270000 - 0x00007ff9062fd000 	C:\Program Files\Android\Android Studio\jbr\bin\msvcp140.dll
0x00007ff8c7760000 - 0x00007ff8c83f6000 	C:\Program Files\Android\Android Studio\jbr\bin\server\jvm.dll
0x00007ff92d0b0000 - 0x00007ff92d164000 	C:\WINDOWS\System32\ADVAPI32.dll
0x00007ff92d590000 - 0x00007ff92d636000 	C:\WINDOWS\System32\sechost.dll
0x00007ff92d740000 - 0x00007ff92d858000 	C:\WINDOWS\System32\RPCRT4.dll
0x00007ff92f210000 - 0x00007ff92f284000 	C:\WINDOWS\System32\WS2_32.dll
0x00007ff92c2f0000 - 0x00007ff92c34e000 	C:\WINDOWS\SYSTEM32\POWRPROF.dll
0x00007ff91dab0000 - 0x00007ff91dabb000 	C:\WINDOWS\SYSTEM32\VERSION.dll
0x00007ff918090000 - 0x00007ff9180c5000 	C:\WINDOWS\SYSTEM32\WINMM.dll
0x00007ff92c2d0000 - 0x00007ff92c2e4000 	C:\WINDOWS\SYSTEM32\UMPDC.dll
0x00007ff92b220000 - 0x00007ff92b23b000 	C:\WINDOWS\SYSTEM32\kernel.appcore.dll
0x00007ff91cab0000 - 0x00007ff91caba000 	C:\Program Files\Android\Android Studio\jbr\bin\jimage.dll
0x00007ff929bf0000 - 0x00007ff929e32000 	C:\WINDOWS\SYSTEM32\DBGHELP.DLL
0x00007ff92da30000 - 0x00007ff92ddab000 	C:\WINDOWS\System32\combase.dll
0x00007ff92e700000 - 0x00007ff92e7d7000 	C:\WINDOWS\System32\OLEAUT32.dll
0x00007ff917740000 - 0x00007ff91777c000 	C:\WINDOWS\SYSTEM32\dbgcore.DLL
0x00007ff92c5f0000 - 0x00007ff92c688000 	C:\WINDOWS\System32\bcryptPrimitives.dll
0x00007ff8d3340000 - 0x00007ff8d3360000 	C:\Program Files\Android\Android Studio\jbr\bin\java.dll

JVMTI agents: none

dbghelp: loaded successfully - version: 4.0.5 - missing functions: none
symbol engine: initialized successfully - sym options: 0x614 - pdb path: .;C:\Program Files\Android\Android Studio\jbr\bin;C:\WINDOWS\SYSTEM32;C:\WINDOWS\WinSxS\amd64_microsoft.windows.common-controls_6595b64144ccf1df_6.0.26100.6899_none_3e0efeeae32e88c1;C:\Program Files\Android\Android Studio\jbr\bin\server

VM Arguments:
java_command: <unknown>
java_class_path (initial): <not set>
Launcher Type: SUN_STANDARD

[Global flags]
     intx CICompilerCount                          = 4                                         {product} {ergonomic}
     uint ConcGCThreads                            = 2                                         {product} {ergonomic}
     uint G1ConcRefinementThreads                  = 8                                         {product} {ergonomic}
   size_t G1HeapRegionSize                         = 4194304                                   {product} {ergonomic}
    uintx GCDrainStackTargetSize                   = 64                                        {product} {ergonomic}
   size_t InitialHeapSize                          = 335544320                                 {product} {ergonomic}
   size_t MarkStackSize                            = 4194304                                   {product} {ergonomic}
   size_t MaxHeapSize                              = 5318377472                                {product} {ergonomic}
   size_t MinHeapDeltaBytes                        = 4194304                                   {product} {ergonomic}
   size_t MinHeapSize                              = 8388608                                   {product} {ergonomic}
    uintx NonNMethodCodeHeapSize                   = 5839372                                {pd product} {ergonomic}
    uintx NonProfiledCodeHeapSize                  = 122909434                              {pd product} {ergonomic}
    uintx ProfiledCodeHeapSize                     = 122909434                              {pd product} {ergonomic}
    uintx ReservedCodeCacheSize                    = 251658240                              {pd product} {ergonomic}
     bool SegmentedCodeCache                       = true                                      {product} {ergonomic}
   size_t SoftMaxHeapSize                          = 5318377472                             {manageable} {ergonomic}
     bool UseCompressedOops                        = true                           {product lp64_product} {ergonomic}
     bool UseG1GC                                  = true                                      {product} {ergonomic}
     bool UseLargePagesIndividualAllocation        = false                                  {pd product} {ergonomic}

Logging:
Log output configuration:
 #0: stdout all=warning uptime,level,tags foldmultilines=false
 #1: stderr all=off uptime,level,tags foldmultilines=false

Environment Variables:
PATH=C:\WINDOWS\system32;C:\WINDOWS;C:\WINDOWS\System32\Wbem;C:\WINDOWS\System32\WindowsPowerShell\v1.0\;C:\WINDOWS\System32\OpenSSH\;C:\Program Files\Docker\Docker\resources\bin;C:\Program Files\Git\cmd;C:\Users\LENOVO\AppData\Local\Programs\Python\Python36\Scripts\;C:\Users\LENOVO\AppData\Local\Programs\Python\Python36\;C:\Users\LENOVO\AppData\Local\Programs\Python\Python310\Scripts\;C:\Users\LENOVO\AppData\Local\Programs\Python\Python310\;C:\Users\LENOVO\AppData\Local\Programs\Python\Launcher\;C:\Users\LENOVO\AppData\Local\Microsoft\WindowsApps;C:\Users\LENOVO\AppData\Local\Programs\Microsoft VS Code\bin;C:\Users\LENOVO\AppData\Local\Microsoft\WinGet\Packages\SQLite.SQLite_Microsoft.Winget.Source_8wekyb3d8bbwe;C:\Users\LENOVO\AppData\Local\flutter_windows_3.35.7-stable\flutter\bin;;C:\Users\LENOVO\AppData\Local\flutter_windows_3.35.7-stable\flutter\bin\mingit\cmd;C:\Users\LENOVO\AppData\Local\flutter_windows_3.35.7-stable\flutter\bin\mingit\cmd
USERNAME=LENOVO
OS=Windows_NT
PROCESSOR_IDENTIFIER=Intel64 Family 6 Model 126 Stepping 5, GenuineIntel
TMP=C:\Users\LENOVO\AppData\Local\Temp
TEMP=C:\Users\LENOVO\AppData\Local\Temp




Periodic native trim disabled

JNI global refs:
JNI global refs: 0, weak refs: 0

JNI global refs memory usage: 0, weak refs: 0

Process memory usage:
Resident Set Size: 12996K (0% of 20761848K total physical memory with 5138204K free physical memory)

OOME stack traces (most recent first):
Classloader memory used:

---------------  S Y S T E M  ---------------

OS:
 Windows 11 , 64 bit Build 26100 (10.0.26100.6725)
OS uptime: 8 days 4:07 hours
Hyper-V role detected

CPU: total 8 (initial active 8) (4 cores per cpu, 2 threads per core) family 6 model 126 stepping 5 microcode 0x86, cx8, cmov, fxsr, ht, mmx, 3dnowpref, sse, sse2, sse3, ssse3, sse4.1, sse4.2, popcnt, lzcnt, tsc, tscinvbit, avx, avx2, aes, erms, clmul, bmi1, bmi2, adx, avx512f, avx512dq, avx512cd, avx512bw, avx512vl, sha, fma, vzeroupper, avx512_vpopcntdq, avx512_vpclmulqdq, avx512_vaes, avx512_vnni, clflush, clflushopt, avx512_vbmi2, avx512_vbmi, hv, rdtscp, rdpid, fsrm, gfni, avx512_bitalg, f16c, avx512_ifma
Processor Information for the first 8 processors :
  Max Mhz: 1190, Current Mhz: 991, Mhz Limit: 987

Memory: 4k page, system-wide physical 20275M (5017M free)
TotalPageFile size 44320M (AvailPageFile size 155M)
current process WorkingSet (physical memory assigned to process): 12M, peak: 12M
current process commit charge ("private bytes"): 60M, peak: 380M

vm_info: OpenJDK 64-Bit Server VM (21.0.8+-14196175-b1038.72) for windows-amd64 JRE (21.0.8+-14196175-b1038.72), built on 2025-10-01T10:24:33Z by "builder" with MS VC++ 16.10 / 16.11 (VS2019)

END.
